16:14:34 **** Incremental Build of configuration Debug for project stm32 ****
make -j4 all 
arm-none-eabi-gcc "../Core/Src/main.c" -mcpu=cortex-m3 -std=gnu11 -g3 -DDEBUG -DUSE_HAL_DRIVER -DSTM32F103x6 -c -I../Core/Inc -I../Drivers/STM32F1xx_HAL_Driver/Inc -I../Drivers/STM32F1xx_HAL_Driver/Inc/Legacy -I../Drivers/CMSIS/Device/ST/STM32F1xx/Include -I../Drivers/CMSIS/Include -O0 -ffunction-sections -fdata-sections -Wall -fstack-usage -MMD -MP -MF"Core/Src/main.d" -MT"Core/Src/main.o" --specs=nano.specs -mfloat-abi=soft -mthumb -o "Core/Src/main.o"
../Core/Src/main.c: In function 'HAL_TIM_PeriodElapsedCallback':
../Core/Src/main.c:237:7: warning: implicit declaration of function 'display7SEG' [-Wimplicit-function-declaration]
  237 |       display7SEG(1);
      |       ^~~~~~~~~~~
../Core/Src/main.c: At top level:
../Core/Src/main.c:251:6: warning: conflicting types for 'display7SEG'
  251 | void display7SEG(int n){
      |      ^~~~~~~~~~~
../Core/Src/main.c:237:7: note: previous implicit declaration of 'display7SEG' was here
  237 |       display7SEG(1);
      |       ^~~~~~~~~~~
arm-none-eabi-gcc -o "stm32.elf" @"objects.list"   -mcpu=cortex-m3 -T"E:\HK221\MCU\LAB\lab2\stm32\STM32F103C6UX_FLASH.ld" --specs=nosys.specs -Wl,-Map="stm32.map" -Wl,--gc-sections -static --specs=nano.specs -mfloat-abi=soft -mthumb -Wl,--start-group -lc -lm -Wl,--end-group
Finished building target: stm32.elf
 
arm-none-eabi-size   stm32.elf 
arm-none-eabi-objdump -h -S  stm32.elf  > "stm32.list"
arm-none-eabi-objcopy  -O ihex  stm32.elf  "stm32.hex"
arm-none-eabi-objcopy  -O binary  stm32.elf  "stm32.bin"
   text	   data	    bss	    dec	    hex	filename
   7368	     28	   1644	   9040	   2350	stm32.elf
Finished building: default.size.stdout
 
Finished building: stm32.bin
Finished building: stm32.hex
 
 
Finished building: stm32.list
 
